  Determinando os projetos a serem restaurados...
  Todos os projetos est├úo atualizados para restaura├º├úo.
  Hubbetech.Shared -> C:\Users\Admin\OneDrive\Documentos\Projetos Faculdade\Hubbetech\Hubbetech.Shared\bin\Debug\net8.0\Hubbetech.Shared.dll
C:\Users\Admin\OneDrive\Documentos\Projetos Faculdade\Hubbetech\Hubbetech.Client\Layout\MainLayout.razor(12,18): warning RZ10012: Found markup element with unexpected name 'AuthorizeView'. If this is intended to be a component, add a @using directive for its namespace. [C:\Users\Admin\OneDrive\Documentos\Projetos Faculdade\Hubbetech\Hubbetech.Client\Hubbetech.Client.csproj]
C:\Users\Admin\OneDrive\Documentos\Projetos Faculdade\Hubbetech\Hubbetech.Client\Layout\MainLayout.razor(13,21): warning RZ10012: Found markup element with unexpected name 'Authorized'. If this is intended to be a component, add a @using directive for its namespace. [C:\Users\Admin\OneDrive\Documentos\Projetos Faculdade\Hubbetech\Hubbetech.Client\Hubbetech.Client.csproj]
C:\Users\Admin\OneDrive\Documentos\Projetos Faculdade\Hubbetech\Hubbetech.Client\Layout\MainLayout.razor(17,21): warning RZ10012: Found markup element with unexpected name 'NotAuthorized'. If this is intended to be a component, add a @using directive for its namespace. [C:\Users\Admin\OneDrive\Documentos\Projetos Faculdade\Hubbetech\Hubbetech.Client\Hubbetech.Client.csproj]
C:\Users\Admin\OneDrive\Documentos\Projetos Faculdade\Hubbetech\Hubbetech.Client\Layout\NavMenu.razor(22,9): warning RZ10012: Found markup element with unexpected name 'AuthorizeView'. If this is intended to be a component, add a @using directive for its namespace. [C:\Users\Admin\OneDrive\Documentos\Projetos Faculdade\Hubbetech\Hubbetech.Client\Hubbetech.Client.csproj]
C:\Users\Admin\OneDrive\Documentos\Projetos Faculdade\Hubbetech\Hubbetech.Client\Pages\DashboardAgil.razor(8,9): error CS0246: O nome do tipo ou do namespace "AuthenticationStateProvider" n├úo pode ser encontrado (est├í faltando uma diretiva using ou uma refer├¬ncia de assembly?) [C:\Users\Admin\OneDrive\Documentos\Projetos Faculdade\Hubbetech\Hubbetech.Client\Hubbetech.Client.csproj]

FALHA da compila├º├úo.

C:\Users\Admin\OneDrive\Documentos\Projetos Faculdade\Hubbetech\Hubbetech.Client\Layout\MainLayout.razor(12,18): warning RZ10012: Found markup element with unexpected name 'AuthorizeView'. If this is intended to be a component, add a @using directive for its namespace. [C:\Users\Admin\OneDrive\Documentos\Projetos Faculdade\Hubbetech\Hubbetech.Client\Hubbetech.Client.csproj]
C:\Users\Admin\OneDrive\Documentos\Projetos Faculdade\Hubbetech\Hubbetech.Client\Layout\MainLayout.razor(13,21): warning RZ10012: Found markup element with unexpected name 'Authorized'. If this is intended to be a component, add a @using directive for its namespace. [C:\Users\Admin\OneDrive\Documentos\Projetos Faculdade\Hubbetech\Hubbetech.Client\Hubbetech.Client.csproj]
C:\Users\Admin\OneDrive\Documentos\Projetos Faculdade\Hubbetech\Hubbetech.Client\Layout\MainLayout.razor(17,21): warning RZ10012: Found markup element with unexpected name 'NotAuthorized'. If this is intended to be a component, add a @using directive for its namespace. [C:\Users\Admin\OneDrive\Documentos\Projetos Faculdade\Hubbetech\Hubbetech.Client\Hubbetech.Client.csproj]
C:\Users\Admin\OneDrive\Documentos\Projetos Faculdade\Hubbetech\Hubbetech.Client\Layout\NavMenu.razor(22,9): warning RZ10012: Found markup element with unexpected name 'AuthorizeView'. If this is intended to be a component, add a @using directive for its namespace. [C:\Users\Admin\OneDrive\Documentos\Projetos Faculdade\Hubbetech\Hubbetech.Client\Hubbetech.Client.csproj]
C:\Users\Admin\OneDrive\Documentos\Projetos Faculdade\Hubbetech\Hubbetech.Client\Pages\DashboardAgil.razor(8,9): error CS0246: O nome do tipo ou do namespace "AuthenticationStateProvider" n├úo pode ser encontrado (est├í faltando uma diretiva using ou uma refer├¬ncia de assembly?) [C:\Users\Admin\OneDrive\Documentos\Projetos Faculdade\Hubbetech\Hubbetech.Client\Hubbetech.Client.csproj]
    4 Aviso(s)
    1 Erro(s)

Tempo Decorrido 00:00:01.36

As atualiza├º├Áes de carga de trabalho est├úo dispon├¡veis. Execute `dotnet workload list` para obter mais informa├º├Áes.
