  Determinando os projetos a serem restaurados...
  Todos os projetos est├úo atualizados para restaura├º├úo.
  Hubbetech.Shared -> C:\Users\Admin\OneDrive\Documentos\Projetos Faculdade\Hubbetech\Hubbetech.Shared\bin\Debug\net8.0\Hubbetech.Shared.dll
  Hubbetech.Client -> C:\Users\Admin\OneDrive\Documentos\Projetos Faculdade\Hubbetech\Hubbetech.Client\bin\Debug\net8.0\Hubbetech.Client.dll
  Hubbetech.Client (Blazor output) -> C:\Users\Admin\OneDrive\Documentos\Projetos Faculdade\Hubbetech\Hubbetech.Client\bin\Debug\net8.0\wwwroot
C:\Users\Admin\OneDrive\Documentos\Projetos Faculdade\Hubbetech\Hubbetech.Server\Controllers\AuthController.cs(69,44): warning CS8604: Poss├¡vel argumento de refer├¬ncia nula para o par├ómetro 'value' em 'Claim.Claim(string type, string value)'. [C:\Users\Admin\OneDrive\Documentos\Projetos Faculdade\Hubbetech\Hubbetech.Server\Hubbetech.Server.csproj]
C:\Users\Admin\OneDrive\Documentos\Projetos Faculdade\Hubbetech\Hubbetech.Server\Data\DataSeeder.cs(90,44): error CS0103: O nome "adminUser" n├úo existe no contexto atual [C:\Users\Admin\OneDrive\Documentos\Projetos Faculdade\Hubbetech\Hubbetech.Server\Hubbetech.Server.csproj]
C:\Users\Admin\OneDrive\Documentos\Projetos Faculdade\Hubbetech\Hubbetech.Server\Data\DataSeeder.cs(97,44): error CS0103: O nome "adminUser" n├úo existe no contexto atual [C:\Users\Admin\OneDrive\Documentos\Projetos Faculdade\Hubbetech\Hubbetech.Server\Hubbetech.Server.csproj]
C:\Users\Admin\OneDrive\Documentos\Projetos Faculdade\Hubbetech\Hubbetech.Server\Data\DataSeeder.cs(104,44): error CS0103: O nome "adminUser" n├úo existe no contexto atual [C:\Users\Admin\OneDrive\Documentos\Projetos Faculdade\Hubbetech\Hubbetech.Server\Hubbetech.Server.csproj]
C:\Users\Admin\OneDrive\Documentos\Projetos Faculdade\Hubbetech\Hubbetech.Server\Data\DataSeeder.cs(111,44): error CS0103: O nome "adminUser" n├úo existe no contexto atual [C:\Users\Admin\OneDrive\Documentos\Projetos Faculdade\Hubbetech\Hubbetech.Server\Hubbetech.Server.csproj]

FALHA da compila├º├úo.

C:\Users\Admin\OneDrive\Documentos\Projetos Faculdade\Hubbetech\Hubbetech.Server\Controllers\AuthController.cs(69,44): warning CS8604: Poss├¡vel argumento de refer├¬ncia nula para o par├ómetro 'value' em 'Claim.Claim(string type, string value)'. [C:\Users\Admin\OneDrive\Documentos\Projetos Faculdade\Hubbetech\Hubbetech.Server\Hubbetech.Server.csproj]
C:\Users\Admin\OneDrive\Documentos\Projetos Faculdade\Hubbetech\Hubbetech.Server\Data\DataSeeder.cs(90,44): error CS0103: O nome "adminUser" n├úo existe no contexto atual [C:\Users\Admin\OneDrive\Documentos\Projetos Faculdade\Hubbetech\Hubbetech.Server\Hubbetech.Server.csproj]
C:\Users\Admin\OneDrive\Documentos\Projetos Faculdade\Hubbetech\Hubbetech.Server\Data\DataSeeder.cs(97,44): error CS0103: O nome "adminUser" n├úo existe no contexto atual [C:\Users\Admin\OneDrive\Documentos\Projetos Faculdade\Hubbetech\Hubbetech.Server\Hubbetech.Server.csproj]
C:\Users\Admin\OneDrive\Documentos\Projetos Faculdade\Hubbetech\Hubbetech.Server\Data\DataSeeder.cs(104,44): error CS0103: O nome "adminUser" n├úo existe no contexto atual [C:\Users\Admin\OneDrive\Documentos\Projetos Faculdade\Hubbetech\Hubbetech.Server\Hubbetech.Server.csproj]
C:\Users\Admin\OneDrive\Documentos\Projetos Faculdade\Hubbetech\Hubbetech.Server\Data\DataSeeder.cs(111,44): error CS0103: O nome "adminUser" n├úo existe no contexto atual [C:\Users\Admin\OneDrive\Documentos\Projetos Faculdade\Hubbetech\Hubbetech.Server\Hubbetech.Server.csproj]
    1 Aviso(s)
    4 Erro(s)

Tempo Decorrido 00:00:01.75

As atualiza├º├Áes de carga de trabalho est├úo dispon├¡veis. Execute `dotnet workload list` para obter mais informa├º├Áes.
